185.220.101.6 - - [16/Jul/2025:12:44:30 +0000] "GET /login HTTP/1.1" 200 123 "-" "Mozilla/5.0"
8.8.8.8 - - [16/Jul/2025:12:30:03 +0000] "GET /subscribe HTTP/1.1" 200 123 "-" "Mozilla/5.0"
172.16.0.3 - - [16/Jul/2025:12:52:17 +0000] "GET /admin HTTP/1.1" 200 123 "-" "Mozilla/5.0 (compatible; bingbot/2.0; +http://www.bing.com/bingbot.htm)"
66.249.66.1 - - [16/Jul/2025:12:24:37 +0000] "GET /podcast/ep2 HTTP/1.1" 200 123 "-" "Mozilla/5.0 (compatible; bingbot/2.0; +http://www.bing.com/bingbot.htm)"
94.142.241.111 - - [16/Jul/2025:12:23:38 +0000] "GET /newsletter HTTP/1.1" 200 123 "-" "Googlebot/2.1 (+http://www.google.com/bot.html)"
45.134.144.200 - - [16/Jul/2025:12:48:16 +0000] "GET /newsletter HTTP/1.1" 200 123 "-" "Googlebot/2.1 (+http://www.google.com/bot.html)"
192.168.1.1 - - [16/Jul/2025:12:54:36 +0000] "GET /podcast/ep1 HTTP/1.1" 200 123 "-" "python-requests/2.25.1"
192.168.1.1 - - [16/Jul/2025:12:31:58 +0000] "GET /logout HTTP/1.1" 200 123 "-" "Mozilla/5.0 (compatible; bingbot/2.0; +http://www.bing.com/bingbot.htm)"
8.8.8.8 - - [16/Jul/2025:12:23:09 +0000] "GET /podcast/ep2 HTTP/1.1" 200 123 "-" "Mozilla/5.0 (compatible; bingbot/2.0; +http://www.bing.com/bingbot.htm)"
66.249.66.1 - - [16/Jul/2025:12:00:54 +0000] "GET /robots.txt HTTP/1.1" 200 123 "-" "python-requests/2.25.1"
203.0.113.4 - - [16/Jul/2025:12:02:11 +0000] "GET /subscribe HTTP/1.1" 200 123 "-" "Mozilla/5.0"
8.8.8.8 - - [16/Jul/2025:12:28:18 +0000] "GET /admin HTTP/1.1" 200 123 "-" "Mozilla/5.0 (compatible; bingbot/2.0; +http://www.bing.com/bingbot.htm)"
203.0.113.4 - - [16/Jul/2025:12:24:17 +0000] "GET /login HTTP/1.1" 200 123 "-" "Mozilla/5.0 (compatible; bingbot/2.0; +http://www.bing.com/bingbot.htm)"
66.249.66.1 - - [16/Jul/2025:12:40:13 +0000] "GET /robots.txt HTTP/1.1" 200 123 "-" "curl/7.68.0"
66.249.66.1 - - [16/Jul/2025:12:16:07 +0000] "GET /newsletter HTTP/1.1" 200 123 "-" "Mozilla/5.0"
8.8.8.8 - - [16/Jul/2025:12:06:16 +0000] "GET /subscribe HTTP/1.1" 200 123 "-" "curl/7.68.0"
66.249.66.1 - - [16/Jul/2025:12:59:53 +0000] "GET /admin HTTP/1.1" 200 123 "-" "Mozilla/5.0 (compatible; bingbot/2.0; +http://www.bing.com/bingbot.htm)"
172.16.0.3 - - [16/Jul/2025:12:42:51 +0000] "GET /subscribe HTTP/1.1" 200 123 "-" "Mozilla/5.0"
172.16.0.3 - - [16/Jul/2025:12:26:59 +0000] "GET /podcast/ep3 HTTP/1.1" 200 123 "-" "Mozilla/5.0 (compatible; bingbot/2.0; +http://www.bing.com/bingbot.htm)"
185.220.101.6 - - [16/Jul/2025:12:27:24 +0000] "GET /newsletter HTTP/1.1" 200 123 "-" "Mozilla/5.0 (compatible; bingbot/2.0; +http://www.bing.com/bingbot.htm)"
45.134.144.200 - - [16/Jul/2025:12:44:13 +0000] "GET /admin HTTP/1.1" 200 123 "-" "Mozilla/5.0"
8.8.8.8 - - [16/Jul/2025:12:55:22 +0000] "GET /podcast/ep2 HTTP/1.1" 200 123 "-" "curl/7.68.0"
172.16.0.3 - - [16/Jul/2025:12:16:01 +0000] "GET /newsletter HTTP/1.1" 200 123 "-" "Mozilla/5.0 (compatible; bingbot/2.0; +http://www.bing.com/bingbot.htm)"
66.249.66.1 - - [16/Jul/2025:12:08:19 +0000] "GET /podcast/ep3 HTTP/1.1" 200 123 "-" "Mozilla/5.0 (compatible; bingbot/2.0; +http://www.bing.com/bingbot.htm)"
192.168.1.1 - - [16/Jul/2025:12:32:40 +0000] "GET /robots.txt HTTP/1.1" 200 123 "-" "python-requests/2.25.1"
66.249.66.1 - - [16/Jul/2025:12:56:44 +0000] "GET /podcast/ep3 HTTP/1.1" 200 123 "-" "Googlebot/2.1 (+http://www.google.com/bot.html)"
94.142.241.111 - - [16/Jul/2025:12:56:55 +0000] "GET /podcast/ep1 HTTP/1.1" 200 123 "-" "python-requests/2.25.1"
198.51.100.5 - - [16/Jul/2025:12:16:56 +0000] "GET /podcast/ep1 HTTP/1.1" 200 123 "-" "python-requests/2.25.1"
203.0.113.4 - - [16/Jul/2025:12:07:35 +0000] "GET /admin HTTP/1.1" 200 123 "-" "Mozilla/5.0 (compatible; bingbot/2.0; +http://www.bing.com/bingbot.htm)"
66.249.66.1 - - [16/Jul/2025:12:55:58 +0000] "GET /podcast/ep2 HTTP/1.1" 200 123 "-" "-"
94.142.241.111 - - [16/Jul/2025:12:42:53 +0000] "GET /podcast/ep3 HTTP/1.1" 200 123 "-" "curl/7.68.0"
8.8.8.8 - - [16/Jul/2025:12:05:57 +0000] "GET /admin HTTP/1.1" 200 123 "-" "python-requests/2.25.1"
192.168.1.1 - - [16/Jul/2025:12:55:13 +0000] "GET /newsletter HTTP/1.1" 200 123 "-" "Mozilla/5.0"
94.142.241.111 - - [16/Jul/2025:12:48:16 +0000] "GET /logout HTTP/1.1" 200 123 "-" "Mozilla/5.0 (compatible; bingbot/2.0; +http://www.bing.com/bingbot.htm)"
203.0.113.4 - - [16/Jul/2025:12:05:26 +0000] "GET /robots.txt HTTP/1.1" 200 123 "-" "Mozilla/5.0 (compatible; bingbot/2.0; +http://www.bing.com/bingbot.htm)"
198.51.100.5 - - [16/Jul/2025:12:51:57 +0000] "GET /newsletter HTTP/1.1" 200 123 "-" "Googlebot/2.1 (+http://www.google.com/bot.html)"
8.8.8.8 - - [16/Jul/2025:12:07:03 +0000] "GET /newsletter HTTP/1.1" 200 123 "-" "python-requests/2.25.1"
203.0.113.4 - - [16/Jul/2025:12:20:33 +0000] "GET /admin HTTP/1.1" 200 123 "-" "Mozilla/5.0 (compatible; bingbot/2.0; +http://www.bing.com/bingbot.htm)"
192.168.1.1 - - [16/Jul/2025:12:03:47 +0000] "GET /podcast/ep2 HTTP/1.1" 200 123 "-" "Mozilla/5.0"
45.134.144.200 - - [16/Jul/2025:12:11:37 +0000] "GET /podcast/ep3 HTTP/1.1" 200 123 "-" "curl/7.68.0"
198.51.100.5 - - [16/Jul/2025:12:22:51 +0000] "GET /subscribe HTTP/1.1" 200 123 "-" "Mozilla/5.0 (compatible; bingbot/2.0; +http://www.bing.com/bingbot.htm)"
203.0.113.4 - - [16/Jul/2025:12:31:30 +0000] "GET /podcast/ep2 HTTP/1.1" 200 123 "-" "-"
192.168.1.1 - - [16/Jul/2025:12:56:49 +0000] "GET /newsletter HTTP/1.1" 200 123 "-" "python-requests/2.25.1"
94.142.241.111 - - [16/Jul/2025:12:57:51 +0000] "GET /login HTTP/1.1" 200 123 "-" "python-requests/2.25.1"
185.220.101.6 - - [16/Jul/2025:12:44:33 +0000] "GET /logout HTTP/1.1" 200 123 "-" "Mozilla/5.0 (compatible; bingbot/2.0; +http://www.bing.com/bingbot.htm)"
172.16.0.3 - - [16/Jul/2025:12:24:44 +0000] "GET /admin HTTP/1.1" 200 123 "-" "-"
10.0.0.2 - - [16/Jul/2025:12:28:55 +0000] "GET /newsletter HTTP/1.1" 200 123 "-" "Googlebot/2.1 (+http://www.google.com/bot.html)"
45.134.144.200 - - [16/Jul/2025:12:09:47 +0000] "GET /newsletter HTTP/1.1" 200 123 "-" "-"
10.0.0.2 - - [16/Jul/2025:12:05:27 +0000] "GET /admin HTTP/1.1" 200 123 "-" "Googlebot/2.1 (+http://www.google.com/bot.html)"
8.8.8.8 - - [16/Jul/2025:12:29:45 +0000] "GET /podcast/ep3 HTTP/1.1" 200 123 "-" "python-requests/2.25.1"
66.249.66.1 - - [16/Jul/2025:12:33:12 +0000] "GET /podcast/ep2 HTTP/1.1" 200 123 "-" "-"
10.0.0.2 - - [16/Jul/2025:12:17:15 +0000] "GET /logout HTTP/1.1" 200 123 "-" "curl/7.68.0"
10.0.0.2 - - [16/Jul/2025:12:38:15 +0000] "GET /podcast/ep1 HTTP/1.1" 200 123 "-" "Mozilla/5.0 (compatible; bingbot/2.0; +http://www.bing.com/bingbot.htm)"
45.134.144.200 - - [16/Jul/2025:12:12:40 +0000] "GET /robots.txt HTTP/1.1" 200 123 "-" "curl/7.68.0"
10.0.0.2 - - [16/Jul/2025:12:36:12 +0000] "GET /subscribe HTTP/1.1" 200 123 "-" "curl/7.68.0"
45.134.144.200 - - [16/Jul/2025:12:49:20 +0000] "GET /podcast/ep2 HTTP/1.1" 200 123 "-" "curl/7.68.0"
8.8.8.8 - - [16/Jul/2025:12:15:38 +0000] "GET /podcast/ep1 HTTP/1.1" 200 123 "-" "python-requests/2.25.1"
192.168.1.1 - - [16/Jul/2025:12:01:54 +0000] "GET /login HTTP/1.1" 200 123 "-" "python-requests/2.25.1"
203.0.113.4 - - [16/Jul/2025:12:24:11 +0000] "GET /admin HTTP/1.1" 200 123 "-" "Googlebot/2.1 (+http://www.google.com/bot.html)"
198.51.100.5 - - [16/Jul/2025:12:44:12 +0000] "GET /podcast/ep3 HTTP/1.1" 200 123 "-" "python-requests/2.25.1"
198.51.100.5 - - [16/Jul/2025:12:28:51 +0000] "GET /login HTTP/1.1" 200 123 "-" "python-requests/2.25.1"
192.168.1.1 - - [16/Jul/2025:12:12:31 +0000] "GET /robots.txt HTTP/1.1" 200 123 "-" "python-requests/2.25.1"
66.249.66.1 - - [16/Jul/2025:12:44:55 +0000] "GET /login HTTP/1.1" 200 123 "-" "python-requests/2.25.1"
45.134.144.200 - - [16/Jul/2025:12:07:06 +0000] "GET /podcast/ep2 HTTP/1.1" 200 123 "-" "curl/7.68.0"
8.8.8.8 - - [16/Jul/2025:12:24:08 +0000] "GET /subscribe HTTP/1.1" 200 123 "-" "python-requests/2.25.1"
66.249.66.1 - - [16/Jul/2025:12:39:36 +0000] "GET /subscribe HTTP/1.1" 200 123 "-" "Googlebot/2.1 (+http://www.google.com/bot.html)"
8.8.8.8 - - [16/Jul/2025:12:39:59 +0000] "GET /newsletter HTTP/1.1" 200 123 "-" "curl/7.68.0"
94.142.241.111 - - [16/Jul/2025:12:03:06 +0000] "GET /podcast/ep2 HTTP/1.1" 200 123 "-" "Mozilla/5.0 (compatible; bingbot/2.0; +http://www.bing.com/bingbot.htm)"
185.220.101.6 - - [16/Jul/2025:12:02:47 +0000] "GET /logout HTTP/1.1" 200 123 "-" "Mozilla/5.0 (compatible; bingbot/2.0; +http://www.bing.com/bingbot.htm)"
10.0.0.2 - - [16/Jul/2025:12:13:00 +0000] "GET /newsletter HTTP/1.1" 200 123 "-" "Mozilla/5.0 (compatible; bingbot/2.0; +http://www.bing.com/bingbot.htm)"
185.220.101.6 - - [16/Jul/2025:12:09:34 +0000] "GET /admin HTTP/1.1" 200 123 "-" "Mozilla/5.0 (compatible; bingbot/2.0; +http://www.bing.com/bingbot.htm)"
8.8.8.8 - - [16/Jul/2025:12:29:26 +0000] "GET /podcast/ep1 HTTP/1.1" 200 123 "-" "-"
185.220.101.6 - - [16/Jul/2025:12:22:38 +0000] "GET /logout HTTP/1.1" 200 123 "-" "Mozilla/5.0"
94.142.241.111 - - [16/Jul/2025:12:14:30 +0000] "GET /subscribe HTTP/1.1" 200 123 "-" "-"
185.220.101.6 - - [16/Jul/2025:12:35:27 +0000] "GET /login HTTP/1.1" 200 123 "-" "Googlebot/2.1 (+http://www.google.com/bot.html)"
8.8.8.8 - - [16/Jul/2025:12:36:24 +0000] "GET /podcast/ep1 HTTP/1.1" 200 123 "-" "python-requests/2.25.1"
198.51.100.5 - - [16/Jul/2025:12:17:24 +0000] "GET /admin HTTP/1.1" 200 123 "-" "curl/7.68.0"
10.0.0.2 - - [16/Jul/2025:12:10:04 +0000] "GET /logout HTTP/1.1" 200 123 "-" "-"
94.142.241.111 - - [16/Jul/2025:12:27:44 +0000] "GET /robots.txt HTTP/1.1" 200 123 "-" "python-requests/2.25.1"
8.8.8.8 - - [16/Jul/2025:12:20:48 +0000] "GET /subscribe HTTP/1.1" 200 123 "-" "python-requests/2.25.1"
10.0.0.2 - - [16/Jul/2025:12:45:41 +0000] "GET /logout HTTP/1.1" 200 123 "-" "-"
185.220.101.6 - - [16/Jul/2025:12:40:26 +0000] "GET /login HTTP/1.1" 200 123 "-" "python-requests/2.25.1"
66.249.66.1 - - [16/Jul/2025:12:41:34 +0000] "GET /admin HTTP/1.1" 200 123 "-" "python-requests/2.25.1"
172.16.0.3 - - [16/Jul/2025:12:55:20 +0000] "GET /admin HTTP/1.1" 200 123 "-" "Googlebot/2.1 (+http://www.google.com/bot.html)"
10.0.0.2 - - [16/Jul/2025:12:55:02 +0000] "GET /logout HTTP/1.1" 200 123 "-" "python-requests/2.25.1"
94.142.241.111 - - [16/Jul/2025:12:59:12 +0000] "GET /newsletter HTTP/1.1" 200 123 "-" "python-requests/2.25.1"
45.134.144.200 - - [16/Jul/2025:12:23:02 +0000] "GET /newsletter HTTP/1.1" 200 123 "-" "Mozilla/5.0 (compatible; bingbot/2.0; +http://www.bing.com/bingbot.htm)"
203.0.113.4 - - [16/Jul/2025:12:29:32 +0000] "GET /subscribe HTTP/1.1" 200 123 "-" "Mozilla/5.0"
8.8.8.8 - - [16/Jul/2025:12:55:05 +0000] "GET /robots.txt HTTP/1.1" 200 123 "-" "Mozilla/5.0"
203.0.113.4 - - [16/Jul/2025:12:01:15 +0000] "GET /logout HTTP/1.1" 200 123 "-" "-"
172.16.0.3 - - [16/Jul/2025:12:32:00 +0000] "GET /admin HTTP/1.1" 200 123 "-" "Googlebot/2.1 (+http://www.google.com/bot.html)"
45.134.144.200 - - [16/Jul/2025:12:58:56 +0000] "GET /login HTTP/1.1" 200 123 "-" "Mozilla/5.0"
185.220.101.6 - - [16/Jul/2025:12:52:36 +0000] "GET /subscribe HTTP/1.1" 200 123 "-" "curl/7.68.0"
94.142.241.111 - - [16/Jul/2025:12:59:41 +0000] "GET /subscribe HTTP/1.1" 200 123 "-" "-"
10.0.0.2 - - [16/Jul/2025:12:45:42 +0000] "GET /newsletter HTTP/1.1" 200 123 "-" "Mozilla/5.0"
94.142.241.111 - - [16/Jul/2025:12:53:51 +0000] "GET /admin HTTP/1.1" 200 123 "-" "Googlebot/2.1 (+http://www.google.com/bot.html)"
8.8.8.8 - - [16/Jul/2025:12:41:34 +0000] "GET /podcast/ep1 HTTP/1.1" 200 123 "-" "Googlebot/2.1 (+http://www.google.com/bot.html)"
172.16.0.3 - - [16/Jul/2025:12:40:09 +0000] "GET /admin HTTP/1.1" 200 123 "-" "Googlebot/2.1 (+http://www.google.com/bot.html)"
10.0.0.2 - - [16/Jul/2025:12:17:33 +0000] "GET /logout HTTP/1.1" 200 123 "-" "Mozilla/5.0"
66.249.66.1 - - [16/Jul/2025:12:24:15 +0000] "GET /podcast/ep2 HTTP/1.1" 200 123 "-" "curl/7.68.0"
66.249.66.1 - - [16/Jul/2025:12:45:55 +0000] "GET /admin HTTP/1.1" 200 123 "-" "-"
172.16.0.3 - - [16/Jul/2025:12:19:18 +0000] "GET /subscribe HTTP/1.1" 200 123 "-" "Googlebot/2.1 (+http://www.google.com/bot.html)"
45.134.144.200 - - [16/Jul/2025:12:20:21 +0000] "GET /subscribe HTTP/1.1" 200 123 "-" "Googlebot/2.1 (+http://www.google.com/bot.html)"
198.51.100.5 - - [16/Jul/2025:12:14:10 +0000] "GET /admin HTTP/1.1" 200 123 "-" "Mozilla/5.0 (compatible; bingbot/2.0; +http://www.bing.com/bingbot.htm)"
172.16.0.3 - - [16/Jul/2025:12:37:02 +0000] "GET /login HTTP/1.1" 200 123 "-" "-"
10.0.0.2 - - [16/Jul/2025:12:31:31 +0000] "GET /podcast/ep2 HTTP/1.1" 200 123 "-" "python-requests/2.25.1"
10.0.0.2 - - [16/Jul/2025:12:07:45 +0000] "GET /podcast/ep2 HTTP/1.1" 200 123 "-" "curl/7.68.0"
203.0.113.4 - - [16/Jul/2025:12:59:01 +0000] "GET /login HTTP/1.1" 200 123 "-" "python-requests/2.25.1"
66.249.66.1 - - [16/Jul/2025:12:48:34 +0000] "GET /subscribe HTTP/1.1" 200 123 "-" "Googlebot/2.1 (+http://www.google.com/bot.html)"
185.220.101.6 - - [16/Jul/2025:12:22:03 +0000] "GET /subscribe HTTP/1.1" 200 123 "-" "curl/7.68.0"
45.134.144.200 - - [16/Jul/2025:12:05:06 +0000] "GET /robots.txt HTTP/1.1" 200 123 "-" "Mozilla/5.0 (compatible; bingbot/2.0; +http://www.bing.com/bingbot.htm)"
185.220.101.6 - - [16/Jul/2025:12:49:02 +0000] "GET /login HTTP/1.1" 200 123 "-" "Mozilla/5.0 (compatible; bingbot/2.0; +http://www.bing.com/bingbot.htm)"
45.134.144.200 - - [16/Jul/2025:12:35:37 +0000] "GET /admin HTTP/1.1" 200 123 "-" "curl/7.68.0"
8.8.8.8 - - [16/Jul/2025:12:46:44 +0000] "GET /podcast/ep1 HTTP/1.1" 200 123 "-" "Mozilla/5.0"
94.142.241.111 - - [16/Jul/2025:12:33:29 +0000] "GET /podcast/ep3 HTTP/1.1" 200 123 "-" "Mozilla/5.0"
192.168.1.1 - - [16/Jul/2025:12:35:22 +0000] "GET /podcast/ep2 HTTP/1.1" 200 123 "-" "-"
10.0.0.2 - - [16/Jul/2025:12:41:57 +0000] "GET /podcast/ep3 HTTP/1.1" 200 123 "-" "-"
94.142.241.111 - - [16/Jul/2025:12:15:41 +0000] "GET /subscribe HTTP/1.1" 200 123 "-" "python-requests/2.25.1"
203.0.113.4 - - [16/Jul/2025:12:47:25 +0000] "GET /podcast/ep3 HTTP/1.1" 200 123 "-" "Googlebot/2.1 (+http://www.google.com/bot.html)"
185.220.101.6 - - [16/Jul/2025:12:28:43 +0000] "GET /podcast/ep3 HTTP/1.1" 200 123 "-" "curl/7.68.0"
198.51.100.5 - - [16/Jul/2025:12:22:37 +0000] "GET /admin HTTP/1.1" 200 123 "-" "Mozilla/5.0"
198.51.100.5 - - [16/Jul/2025:12:14:35 +0000] "GET /admin HTTP/1.1" 200 123 "-" "Googlebot/2.1 (+http://www.google.com/bot.html)"
172.16.0.3 - - [16/Jul/2025:12:19:22 +0000] "GET /podcast/ep3 HTTP/1.1" 200 123 "-" "curl/7.68.0"
192.168.1.1 - - [16/Jul/2025:12:24:15 +0000] "GET /newsletter HTTP/1.1" 200 123 "-" "-"
10.0.0.2 - - [16/Jul/2025:12:38:30 +0000] "GET /podcast/ep3 HTTP/1.1" 200 123 "-" "Googlebot/2.1 (+http://www.google.com/bot.html)"
198.51.100.5 - - [16/Jul/2025:12:57:15 +0000] "GET /podcast/ep3 HTTP/1.1" 200 123 "-" "Mozilla/5.0 (compatible; bingbot/2.0; +http://www.bing.com/bingbot.htm)"
94.142.241.111 - - [16/Jul/2025:12:45:49 +0000] "GET /podcast/ep2 HTTP/1.1" 200 123 "-" "Mozilla/5.0 (compatible; bingbot/2.0; +http://www.bing.com/bingbot.htm)"
45.134.144.200 - - [16/Jul/2025:12:35:14 +0000] "GET /podcast/ep3 HTTP/1.1" 200 123 "-" "curl/7.68.0"
203.0.113.4 - - [16/Jul/2025:12:47:42 +0000] "GET /robots.txt HTTP/1.1" 200 123 "-" "curl/7.68.0"
185.220.101.6 - - [16/Jul/2025:12:26:45 +0000] "GET /login HTTP/1.1" 200 123 "-" "Googlebot/2.1 (+http://www.google.com/bot.html)"
198.51.100.5 - - [16/Jul/2025:12:11:24 +0000] "GET /newsletter HTTP/1.1" 200 123 "-" "Mozilla/5.0"
192.168.1.1 - - [16/Jul/2025:12:11:45 +0000] "GET /subscribe HTTP/1.1" 200 123 "-" "curl/7.68.0"
192.168.1.1 - - [16/Jul/2025:12:47:13 +0000] "GET /podcast/ep1 HTTP/1.1" 200 123 "-" "-"
203.0.113.4 - - [16/Jul/2025:12:13:26 +0000] "GET /admin HTTP/1.1" 200 123 "-" "Mozilla/5.0"
8.8.8.8 - - [16/Jul/2025:12:49:18 +0000] "GET /podcast/ep3 HTTP/1.1" 200 123 "-" "Mozilla/5.0"
8.8.8.8 - - [16/Jul/2025:12:32:02 +0000] "GET /podcast/ep3 HTTP/1.1" 200 123 "-" "-"
192.168.1.1 - - [16/Jul/2025:12:39:58 +0000] "GET /podcast/ep1 HTTP/1.1" 200 123 "-" "Googlebot/2.1 (+http://www.google.com/bot.html)"
198.51.100.5 - - [16/Jul/2025:12:57:27 +0000] "GET /podcast/ep1 HTTP/1.1" 200 123 "-" "python-requests/2.25.1"
192.168.1.1 - - [16/Jul/2025:12:06:30 +0000] "GET /robots.txt HTTP/1.1" 200 123 "-" "Mozilla/5.0"
172.16.0.3 - - [16/Jul/2025:12:36:12 +0000] "GET /newsletter HTTP/1.1" 200 123 "-" "Mozilla/5.0"
10.0.0.2 - - [16/Jul/2025:12:49:25 +0000] "GET /subscribe HTTP/1.1" 200 123 "-" "curl/7.68.0"
45.134.144.200 - - [16/Jul/2025:12:56:30 +0000] "GET /podcast/ep2 HTTP/1.1" 200 123 "-" "-"
185.220.101.6 - - [16/Jul/2025:12:45:16 +0000] "GET /robots.txt HTTP/1.1" 200 123 "-" "Mozilla/5.0 (compatible; bingbot/2.0; +http://www.bing.com/bingbot.htm)"
192.168.1.1 - - [16/Jul/2025:12:49:48 +0000] "GET /robots.txt HTTP/1.1" 200 123 "-" "python-requests/2.25.1"
45.134.144.200 - - [16/Jul/2025:12:59:37 +0000] "GET /podcast/ep2 HTTP/1.1" 200 123 "-" "curl/7.68.0"
203.0.113.4 - - [16/Jul/2025:12:13:40 +0000] "GET /podcast/ep2 HTTP/1.1" 200 123 "-" "-"
185.220.101.6 - - [16/Jul/2025:12:13:39 +0000] "GET /admin HTTP/1.1" 200 123 "-" "-"
198.51.100.5 - - [16/Jul/2025:12:30:21 +0000] "GET /login HTTP/1.1" 200 123 "-" "Googlebot/2.1 (+http://www.google.com/bot.html)"
172.16.0.3 - - [16/Jul/2025:12:41:18 +0000] "GET /robots.txt HTTP/1.1" 200 123 "-" "Mozilla/5.0 (compatible; bingbot/2.0; +http://www.bing.com/bingbot.htm)"
94.142.241.111 - - [16/Jul/2025:12:47:23 +0000] "GET /subscribe HTTP/1.1" 200 123 "-" "Mozilla/5.0 (compatible; bingbot/2.0; +http://www.bing.com/bingbot.htm)"
192.168.1.1 - - [16/Jul/2025:12:15:35 +0000] "GET /subscribe HTTP/1.1" 200 123 "-" "Googlebot/2.1 (+http://www.google.com/bot.html)"
203.0.113.4 - - [16/Jul/2025:12:58:24 +0000] "GET /admin HTTP/1.1" 200 123 "-" "Mozilla/5.0 (compatible; bingbot/2.0; +http://www.bing.com/bingbot.htm)"
203.0.113.4 - - [16/Jul/2025:12:41:41 +0000] "GET /admin HTTP/1.1" 200 123 "-" "Mozilla/5.0"
185.220.101.6 - - [16/Jul/2025:12:36:41 +0000] "GET /admin HTTP/1.1" 200 123 "-" "curl/7.68.0"
185.220.101.6 - - [16/Jul/2025:12:37:36 +0000] "GET /podcast/ep2 HTTP/1.1" 200 123 "-" "curl/7.68.0"
94.142.241.111 - - [16/Jul/2025:12:48:14 +0000] "GET /admin HTTP/1.1" 200 123 "-" "Googlebot/2.1 (+http://www.google.com/bot.html)"
94.142.241.111 - - [16/Jul/2025:12:41:42 +0000] "GET /login HTTP/1.1" 200 123 "-" "curl/7.68.0"
198.51.100.5 - - [16/Jul/2025:12:01:23 +0000] "GET /login HTTP/1.1" 200 123 "-" "Googlebot/2.1 (+http://www.google.com/bot.html)"
8.8.8.8 - - [16/Jul/2025:12:54:25 +0000] "GET /podcast/ep2 HTTP/1.1" 200 123 "-" "-"
198.51.100.5 - - [16/Jul/2025:12:15:35 +0000] "GET /newsletter HTTP/1.1" 200 123 "-" "curl/7.68.0"
8.8.8.8 - - [16/Jul/2025:12:40:11 +0000] "GET /login HTTP/1.1" 200 123 "-" "-"
66.249.66.1 - - [16/Jul/2025:12:56:08 +0000] "GET /podcast/ep3 HTTP/1.1" 200 123 "-" "python-requests/2.25.1"
192.168.1.1 - - [16/Jul/2025:12:01:10 +0000] "GET /podcast/ep3 HTTP/1.1" 200 123 "-" "python-requests/2.25.1"
8.8.8.8 - - [16/Jul/2025:12:41:24 +0000] "GET /admin HTTP/1.1" 200 123 "-" "-"
198.51.100.5 - - [16/Jul/2025:12:13:04 +0000] "GET /newsletter HTTP/1.1" 200 123 "-" "Mozilla/5.0"
198.51.100.5 - - [16/Jul/2025:12:16:50 +0000] "GET /robots.txt HTTP/1.1" 200 123 "-" "Mozilla/5.0"
172.16.0.3 - - [16/Jul/2025:12:09:20 +0000] "GET /newsletter HTTP/1.1" 200 123 "-" "Googlebot/2.1 (+http://www.google.com/bot.html)"
66.249.66.1 - - [16/Jul/2025:12:27:46 +0000] "GET /podcast/ep3 HTTP/1.1" 200 123 "-" "Mozilla/5.0"
203.0.113.4 - - [16/Jul/2025:12:38:57 +0000] "GET /podcast/ep3 HTTP/1.1" 200 123 "-" "python-requests/2.25.1"
66.249.66.1 - - [16/Jul/2025:12:26:37 +0000] "GET /podcast/ep2 HTTP/1.1" 200 123 "-" "Googlebot/2.1 (+http://www.google.com/bot.html)"
45.134.144.200 - - [16/Jul/2025:12:21:04 +0000] "GET /robots.txt HTTP/1.1" 200 123 "-" "Mozilla/5.0"
192.168.1.1 - - [16/Jul/2025:12:14:22 +0000] "GET /podcast/ep2 HTTP/1.1" 200 123 "-" "Googlebot/2.1 (+http://www.google.com/bot.html)"
192.168.1.1 - - [16/Jul/2025:12:21:52 +0000] "GET /podcast/ep2 HTTP/1.1" 200 123 "-" "curl/7.68.0"
94.142.241.111 - - [16/Jul/2025:12:54:05 +0000] "GET /podcast/ep1 HTTP/1.1" 200 123 "-" "Mozilla/5.0"
94.142.241.111 - - [16/Jul/2025:12:43:46 +0000] "GET /admin HTTP/1.1" 200 123 "-" "Mozilla/5.0 (compatible; bingbot/2.0; +http://www.bing.com/bingbot.htm)"
10.0.0.2 - - [16/Jul/2025:12:02:25 +0000] "GET /newsletter HTTP/1.1" 200 123 "-" "python-requests/2.25.1"
10.0.0.2 - - [16/Jul/2025:12:41:08 +0000] "GET /newsletter HTTP/1.1" 200 123 "-" "-"
45.134.144.200 - - [16/Jul/2025:12:09:43 +0000] "GET /podcast/ep3 HTTP/1.1" 200 123 "-" "-"
192.168.1.1 - - [16/Jul/2025:12:44:10 +0000] "GET /admin HTTP/1.1" 200 123 "-" "-"
192.168.1.1 - - [16/Jul/2025:12:27:18 +0000] "GET /login HTTP/1.1" 200 123 "-" "Googlebot/2.1 (+http://www.google.com/bot.html)"
172.16.0.3 - - [16/Jul/2025:12:49:43 +0000] "GET /podcast/ep3 HTTP/1.1" 200 123 "-" "python-requests/2.25.1"
172.16.0.3 - - [16/Jul/2025:12:34:12 +0000] "GET /robots.txt HTTP/1.1" 200 123 "-" "curl/7.68.0"
203.0.113.4 - - [16/Jul/2025:12:07:51 +0000] "GET /logout HTTP/1.1" 200 123 "-" "curl/7.68.0"
66.249.66.1 - - [16/Jul/2025:12:26:36 +0000] "GET /login HTTP/1.1" 200 123 "-" "Googlebot/2.1 (+http://www.google.com/bot.html)"
10.0.0.2 - - [16/Jul/2025:12:26:50 +0000] "GET /newsletter HTTP/1.1" 200 123 "-" "curl/7.68.0"
8.8.8.8 - - [16/Jul/2025:12:03:32 +0000] "GET /newsletter HTTP/1.1" 200 123 "-" "Mozilla/5.0"
94.142.241.111 - - [16/Jul/2025:12:23:58 +0000] "GET /podcast/ep1 HTTP/1.1" 200 123 "-" "Mozilla/5.0"
94.142.241.111 - - [16/Jul/2025:12:47:10 +0000] "GET /podcast/ep3 HTTP/1.1" 200 123 "-" "Googlebot/2.1 (+http://www.google.com/bot.html)"
94.142.241.111 - - [16/Jul/2025:12:15:09 +0000] "GET /robots.txt HTTP/1.1" 200 123 "-" "curl/7.68.0"
203.0.113.4 - - [16/Jul/2025:12:22:36 +0000] "GET /subscribe HTTP/1.1" 200 123 "-" "-"
203.0.113.4 - - [16/Jul/2025:12:06:03 +0000] "GET /podcast/ep3 HTTP/1.1" 200 123 "-" "Googlebot/2.1 (+http://www.google.com/bot.html)"
172.16.0.3 - - [16/Jul/2025:12:30:27 +0000] "GET /admin HTTP/1.1" 200 123 "-" "Googlebot/2.1 (+http://www.google.com/bot.html)"
172.16.0.3 - - [16/Jul/2025:12:30:36 +0000] "GET /newsletter HTTP/1.1" 200 123 "-" "python-requests/2.25.1"
185.220.101.6 - - [16/Jul/2025:12:37:40 +0000] "GET /subscribe HTTP/1.1" 200 123 "-" "-"
45.134.144.200 - - [16/Jul/2025:12:13:53 +0000] "GET /admin HTTP/1.1" 200 123 "-" "Googlebot/2.1 (+http://www.google.com/bot.html)"
185.220.101.6 - - [16/Jul/2025:12:04:25 +0000] "GET /podcast/ep3 HTTP/1.1" 200 123 "-" "Mozilla/5.0"
185.220.101.6 - - [16/Jul/2025:12:39:10 +0000] "GET /podcast/ep3 HTTP/1.1" 200 123 "-" "Mozilla/5.0 (compatible; bingbot/2.0; +http://www.bing.com/bingbot.htm)"
94.142.241.111 - - [16/Jul/2025:12:11:48 +0000] "GET /robots.txt HTTP/1.1" 200 123 "-" "Googlebot/2.1 (+http://www.google.com/bot.html)"
172.16.0.3 - - [16/Jul/2025:12:12:45 +0000] "GET /robots.txt HTTP/1.1" 200 123 "-" "curl/7.68.0"
8.8.8.8 - - [16/Jul/2025:12:54:32 +0000] "GET /login HTTP/1.1" 200 123 "-" "Googlebot/2.1 (+http://www.google.com/bot.html)"
45.134.144.200 - - [16/Jul/2025:12:02:14 +0000] "GET /login HTTP/1.1" 200 123 "-" "Mozilla/5.0 (compatible; bingbot/2.0; +http://www.bing.com/bingbot.htm)"
172.16.0.3 - - [16/Jul/2025:12:38:33 +0000] "GET /logout HTTP/1.1" 200 123 "-" "Mozilla/5.0 (compatible; bingbot/2.0; +http://www.bing.com/bingbot.htm)"
198.51.100.5 - - [16/Jul/2025:12:49:37 +0000] "GET /podcast/ep2 HTTP/1.1" 200 123 "-" "Mozilla/5.0 (compatible; bingbot/2.0; +http://www.bing.com/bingbot.htm)"
66.249.66.1 - - [16/Jul/2025:12:13:18 +0000] "GET /subscribe HTTP/1.1" 200 123 "-" "-"
66.249.66.1 - - [16/Jul/2025:12:33:23 +0000] "GET /robots.txt HTTP/1.1" 200 123 "-" "Mozilla/5.0 (compatible; bingbot/2.0; +http://www.bing.com/bingbot.htm)"
45.134.144.200 - - [16/Jul/2025:12:51:15 +0000] "GET /podcast/ep2 HTTP/1.1" 200 123 "-" "Googlebot/2.1 (+http://www.google.com/bot.html)"
192.168.1.1 - - [16/Jul/2025:12:24:00 +0000] "GET /subscribe HTTP/1.1" 200 123 "-" "Googlebot/2.1 (+http://www.google.com/bot.html)"
8.8.8.8 - - [16/Jul/2025:12:08:26 +0000] "GET /newsletter HTTP/1.1" 200 123 "-" "python-requests/2.25.1"
45.134.144.200 - - [16/Jul/2025:12:24:01 +0000] "GET /podcast/ep2 HTTP/1.1" 200 123 "-" "Googlebot/2.1 (+http://www.google.com/bot.html)"
198.51.100.5 - - [16/Jul/2025:12:39:20 +0000] "GET /login HTTP/1.1" 200 123 "-" "Mozilla/5.0 (compatible; bingbot/2.0; +http://www.bing.com/bingbot.htm)"
10.0.0.2 - - [16/Jul/2025:12:49:00 +0000] "GET /podcast/ep3 HTTP/1.1" 200 123 "-" "-"
203.0.113.4 - - [16/Jul/2025:12:48:58 +0000] "GET /admin HTTP/1.1" 200 123 "-" "python-requests/2.25.1"
10.0.0.2 - - [16/Jul/2025:12:44:36 +0000] "GET /admin HTTP/1.1" 200 123 "-" "Mozilla/5.0"
198.51.100.5 - - [16/Jul/2025:12:30:29 +0000] "GET /newsletter HTTP/1.1" 200 123 "-" "-"
94.142.241.111 - - [16/Jul/2025:12:43:45 +0000] "GET /admin HTTP/1.1" 200 123 "-" "Mozilla/5.0 (compatible; bingbot/2.0; +http://www.bing.com/bingbot.htm)"
94.142.241.111 - - [16/Jul/2025:12:27:50 +0000] "GET /podcast/ep3 HTTP/1.1" 200 123 "-" "Mozilla/5.0 (compatible; bingbot/2.0; +http://www.bing.com/bingbot.htm)"
45.134.144.200 - - [16/Jul/2025:12:58:05 +0000] "GET /admin HTTP/1.1" 200 123 "-" "curl/7.68.0"
10.0.0.2 - - [16/Jul/2025:12:07:48 +0000] "GET /robots.txt HTTP/1.1" 200 123 "-" "curl/7.68.0"
192.168.1.1 - - [16/Jul/2025:12:36:46 +0000] "GET /logout HTTP/1.1" 200 123 "-" "-"
45.134.144.200 - - [16/Jul/2025:12:22:18 +0000] "GET /subscribe HTTP/1.1" 200 123 "-" "Mozilla/5.0 (compatible; bingbot/2.0; +http://www.bing.com/bingbot.htm)"
172.16.0.3 - - [16/Jul/2025:12:30:37 +0000] "GET /subscribe HTTP/1.1" 200 123 "-" "Mozilla/5.0 (compatible; bingbot/2.0; +http://www.bing.com/bingbot.htm)"
45.134.144.200 - - [16/Jul/2025:12:37:03 +0000] "GET /robots.txt HTTP/1.1" 200 123 "-" "Mozilla/5.0"
203.0.113.4 - - [16/Jul/2025:12:44:22 +0000] "GET /login HTTP/1.1" 200 123 "-" "Mozilla/5.0"
185.220.101.6 - - [16/Jul/2025:12:22:42 +0000] "GET /podcast/ep3 HTTP/1.1" 200 123 "-" "Mozilla/5.0"
10.0.0.2 - - [16/Jul/2025:12:21:41 +0000] "GET /robots.txt HTTP/1.1" 200 123 "-" "curl/7.68.0"
8.8.8.8 - - [16/Jul/2025:12:20:42 +0000] "GET /newsletter HTTP/1.1" 200 123 "-" "python-requests/2.25.1"
94.142.241.111 - - [16/Jul/2025:12:31:33 +0000] "GET /newsletter HTTP/1.1" 200 123 "-" "python-requests/2.25.1"
10.0.0.2 - - [16/Jul/2025:12:03:10 +0000] "GET /login HTTP/1.1" 200 123 "-" "curl/7.68.0"
198.51.100.5 - - [16/Jul/2025:12:31:45 +0000] "GET /logout HTTP/1.1" 200 123 "-" "curl/7.68.0"
198.51.100.5 - - [16/Jul/2025:12:37:35 +0000] "GET /subscribe HTTP/1.1" 200 123 "-" "curl/7.68.0"
198.51.100.5 - - [16/Jul/2025:12:52:24 +0000] "GET /podcast/ep1 HTTP/1.1" 200 123 "-" "python-requests/2.25.1"
185.220.101.6 - - [16/Jul/2025:12:12:58 +0000] "GET /newsletter HTTP/1.1" 200 123 "-" "python-requests/2.25.1"
8.8.8.8 - - [16/Jul/2025:12:47:50 +0000] "GET /logout HTTP/1.1" 200 123 "-" "python-requests/2.25.1"
172.16.0.3 - - [16/Jul/2025:12:59:47 +0000] "GET /admin HTTP/1.1" 200 123 "-" "Googlebot/2.1 (+http://www.google.com/bot.html)"
203.0.113.4 - - [16/Jul/2025:12:50:26 +0000] "GET /admin HTTP/1.1" 200 123 "-" "-"
66.249.66.1 - - [16/Jul/2025:12:17:56 +0000] "GET /newsletter HTTP/1.1" 200 123 "-" "Mozilla/5.0 (compatible; bingbot/2.0; +http://www.bing.com/bingbot.htm)"
172.16.0.3 - - [16/Jul/2025:12:01:22 +0000] "GET /podcast/ep1 HTTP/1.1" 200 123 "-" "curl/7.68.0"
66.249.66.1 - - [16/Jul/2025:12:44:30 +0000] "GET /newsletter HTTP/1.1" 200 123 "-" "python-requests/2.25.1"
10.0.0.2 - - [16/Jul/2025:12:05:17 +0000] "GET /robots.txt HTTP/1.1" 200 123 "-" "Googlebot/2.1 (+http://www.google.com/bot.html)"
172.16.0.3 - - [16/Jul/2025:12:16:59 +0000] "GET /newsletter HTTP/1.1" 200 123 "-" "Googlebot/2.1 (+http://www.google.com/bot.html)"
8.8.8.8 - - [16/Jul/2025:12:18:11 +0000] "GET /podcast/ep3 HTTP/1.1" 200 123 "-" "Mozilla/5.0 (compatible; bingbot/2.0; +http://www.bing.com/bingbot.htm)"
45.134.144.200 - - [16/Jul/2025:12:57:08 +0000] "GET /podcast/ep1 HTTP/1.1" 200 123 "-" "-"
45.134.144.200 - - [16/Jul/2025:12:54:13 +0000] "GET /robots.txt HTTP/1.1" 200 123 "-" "Mozilla/5.0 (compatible; bingbot/2.0; +http://www.bing.com/bingbot.htm)"
172.16.0.3 - - [16/Jul/2025:12:00:13 +0000] "GET /subscribe HTTP/1.1" 200 123 "-" "-"
94.142.241.111 - - [16/Jul/2025:12:08:52 +0000] "GET /robots.txt HTTP/1.1" 200 123 "-" "Mozilla/5.0"
203.0.113.4 - - [16/Jul/2025:12:18:43 +0000] "GET /newsletter HTTP/1.1" 200 123 "-" "Mozilla/5.0"
45.134.144.200 - - [16/Jul/2025:12:44:48 +0000] "GET /podcast/ep2 HTTP/1.1" 200 123 "-" "Googlebot/2.1 (+http://www.google.com/bot.html)"
198.51.100.5 - - [16/Jul/2025:12:08:02 +0000] "GET /robots.txt HTTP/1.1" 200 123 "-" "-"
185.220.101.6 - - [16/Jul/2025:12:40:14 +0000] "GET /login HTTP/1.1" 200 123 "-" "Googlebot/2.1 (+http://www.google.com/bot.html)"
198.51.100.5 - - [16/Jul/2025:12:42:04 +0000] "GET /podcast/ep3 HTTP/1.1" 200 123 "-" "curl/7.68.0"
203.0.113.4 - - [16/Jul/2025:12:49:09 +0000] "GET /subscribe HTTP/1.1" 200 123 "-" "python-requests/2.25.1"
94.142.241.111 - - [16/Jul/2025:12:17:08 +0000] "GET /podcast/ep1 HTTP/1.1" 200 123 "-" "Mozilla/5.0 (compatible; bingbot/2.0; +http://www.bing.com/bingbot.htm)"
94.142.241.111 - - [16/Jul/2025:12:48:40 +0000] "GET /logout HTTP/1.1" 200 123 "-" "Googlebot/2.1 (+http://www.google.com/bot.html)"
198.51.100.5 - - [16/Jul/2025:12:55:05 +0000] "GET /admin HTTP/1.1" 200 123 "-" "Googlebot/2.1 (+http://www.google.com/bot.html)"
172.16.0.3 - - [16/Jul/2025:12:31:59 +0000] "GET /podcast/ep3 HTTP/1.1" 200 123 "-" "Mozilla/5.0 (compatible; bingbot/2.0; +http://www.bing.com/bingbot.htm)"
94.142.241.111 - - [16/Jul/2025:12:24:38 +0000] "GET /podcast/ep1 HTTP/1.1" 200 123 "-" "Mozilla/5.0"
185.220.101.6 - - [16/Jul/2025:12:27:59 +0000] "GET /podcast/ep1 HTTP/1.1" 200 123 "-" "Mozilla/5.0"
172.16.0.3 - - [16/Jul/2025:12:35:20 +0000] "GET /logout HTTP/1.1" 200 123 "-" "Googlebot/2.1 (+http://www.google.com/bot.html)"
45.134.144.200 - - [16/Jul/2025:12:52:44 +0000] "GET /podcast/ep2 HTTP/1.1" 200 123 "-" "python-requests/2.25.1"
66.249.66.1 - - [16/Jul/2025:12:50:32 +0000] "GET /podcast/ep2 HTTP/1.1" 200 123 "-" "Mozilla/5.0"
45.134.144.200 - - [16/Jul/2025:12:59:39 +0000] "GET /robots.txt HTTP/1.1" 200 123 "-" "Googlebot/2.1 (+http://www.google.com/bot.html)"
192.168.1.1 - - [16/Jul/2025:12:36:56 +0000] "GET /subscribe HTTP/1.1" 200 123 "-" "Googlebot/2.1 (+http://www.google.com/bot.html)"
185.220.101.6 - - [16/Jul/2025:12:55:09 +0000] "GET /subscribe HTTP/1.1" 200 123 "-" "-"
185.220.101.6 - - [16/Jul/2025:12:57:03 +0000] "GET /robots.txt HTTP/1.1" 200 123 "-" "-"
203.0.113.4 - - [16/Jul/2025:12:53:19 +0000] "GET /admin HTTP/1.1" 200 123 "-" "Googlebot/2.1 (+http://www.google.com/bot.html)"
8.8.8.8 - - [16/Jul/2025:12:56:40 +0000] "GET /robots.txt HTTP/1.1" 200 123 "-" "curl/7.68.0"
192.168.1.1 - - [16/Jul/2025:12:02:55 +0000] "GET /subscribe HTTP/1.1" 200 123 "-" "Mozilla/5.0 (compatible; bingbot/2.0; +http://www.bing.com/bingbot.htm)"
66.249.66.1 - - [16/Jul/2025:12:16:43 +0000] "GET /podcast/ep3 HTTP/1.1" 200 123 "-" "Mozilla/5.0 (compatible; bingbot/2.0; +http://www.bing.com/bingbot.htm)"
8.8.8.8 - - [16/Jul/2025:12:05:35 +0000] "GET /login HTTP/1.1" 200 123 "-" "python-requests/2.25.1"
8.8.8.8 - - [16/Jul/2025:12:31:24 +0000] "GET /login HTTP/1.1" 200 123 "-" "-"
198.51.100.5 - - [16/Jul/2025:12:19:54 +0000] "GET /logout HTTP/1.1" 200 123 "-" "-"
172.16.0.3 - - [16/Jul/2025:12:42:32 +0000] "GET /newsletter HTTP/1.1" 200 123 "-" "Googlebot/2.1 (+http://www.google.com/bot.html)"
66.249.66.1 - - [16/Jul/2025:12:42:10 +0000] "GET /podcast/ep3 HTTP/1.1" 200 123 "-" "Mozilla/5.0 (compatible; bingbot/2.0; +http://www.bing.com/bingbot.htm)"
203.0.113.4 - - [16/Jul/2025:12:59:44 +0000] "GET /admin HTTP/1.1" 200 123 "-" "curl/7.68.0"
198.51.100.5 - - [16/Jul/2025:12:25:12 +0000] "GET /newsletter HTTP/1.1" 200 123 "-" "Mozilla/5.0 (compatible; bingbot/2.0; +http://www.bing.com/bingbot.htm)"
8.8.8.8 - - [16/Jul/2025:12:03:26 +0000] "GET /podcast/ep1 HTTP/1.1" 200 123 "-" "Googlebot/2.1 (+http://www.google.com/bot.html)"
45.134.144.200 - - [16/Jul/2025:12:30:24 +0000] "GET /podcast/ep1 HTTP/1.1" 200 123 "-" "python-requests/2.25.1"
203.0.113.4 - - [16/Jul/2025:12:46:49 +0000] "GET /newsletter HTTP/1.1" 200 123 "-" "Mozilla/5.0 (compatible; bingbot/2.0; +http://www.bing.com/bingbot.htm)"
185.220.101.6 - - [16/Jul/2025:12:23:37 +0000] "GET /podcast/ep1 HTTP/1.1" 200 123 "-" "Googlebot/2.1 (+http://www.google.com/bot.html)"
192.168.1.1 - - [16/Jul/2025:12:28:13 +0000] "GET /logout HTTP/1.1" 200 123 "-" "Mozilla/5.0 (compatible; bingbot/2.0; +http://www.bing.com/bingbot.htm)"
45.134.144.200 - - [16/Jul/2025:12:16:44 +0000] "GET /admin HTTP/1.1" 200 123 "-" "curl/7.68.0"
172.16.0.3 - - [16/Jul/2025:12:12:53 +0000] "GET /podcast/ep2 HTTP/1.1" 200 123 "-" "Mozilla/5.0"
192.168.1.1 - - [16/Jul/2025:12:27:02 +0000] "GET /logout HTTP/1.1" 200 123 "-" "-"
203.0.113.4 - - [16/Jul/2025:12:52:19 +0000] "GET /logout HTTP/1.1" 200 123 "-" "curl/7.68.0"
185.220.101.6 - - [16/Jul/2025:12:15:31 +0000] "GET /newsletter HTTP/1.1" 200 123 "-" "python-requests/2.25.1"
45.134.144.200 - - [16/Jul/2025:12:12:40 +0000] "GET /podcast/ep1 HTTP/1.1" 200 123 "-" "Mozilla/5.0"
8.8.8.8 - - [16/Jul/2025:12:53:21 +0000] "GET /robots.txt HTTP/1.1" 200 123 "-" "-"
198.51.100.5 - - [16/Jul/2025:12:33:45 +0000] "GET /logout HTTP/1.1" 200 123 "-" "-"
94.142.241.111 - - [16/Jul/2025:12:41:27 +0000] "GET /podcast/ep3 HTTP/1.1" 200 123 "-" "curl/7.68.0"
185.220.101.6 - - [16/Jul/2025:12:09:23 +0000] "GET /robots.txt HTTP/1.1" 200 123 "-" "python-requests/2.25.1"
192.168.1.1 - - [16/Jul/2025:12:51:13 +0000] "GET /login HTTP/1.1" 200 123 "-" "python-requests/2.25.1"
192.168.1.1 - - [16/Jul/2025:12:21:56 +0000] "GET /subscribe HTTP/1.1" 200 123 "-" "Mozilla/5.0 (compatible; bingbot/2.0; +http://www.bing.com/bingbot.htm)"
10.0.0.2 - - [16/Jul/2025:12:42:22 +0000] "GET /subscribe HTTP/1.1" 200 123 "-" "python-requests/2.25.1"
203.0.113.4 - - [16/Jul/2025:12:06:35 +0000] "GET /login HTTP/1.1" 200 123 "-" "-"
94.142.241.111 - - [16/Jul/2025:12:42:43 +0000] "GET /login HTTP/1.1" 200 123 "-" "Googlebot/2.1 (+http://www.google.com/bot.html)"
172.16.0.3 - - [16/Jul/2025:12:17:24 +0000] "GET /podcast/ep1 HTTP/1.1" 200 123 "-" "Mozilla/5.0"
192.168.1.1 - - [16/Jul/2025:12:58:04 +0000] "GET /newsletter HTTP/1.1" 200 123 "-" "Mozilla/5.0 (compatible; bingbot/2.0; +http://www.bing.com/bingbot.htm)"
185.220.101.6 - - [16/Jul/2025:12:36:08 +0000] "GET /subscribe HTTP/1.1" 200 123 "-" "Mozilla/5.0"
192.168.1.1 - - [16/Jul/2025:12:21:33 +0000] "GET /logout HTTP/1.1" 200 123 "-" "Mozilla/5.0 (compatible; bingbot/2.0; +http://www.bing.com/bingbot.htm)"
172.16.0.3 - - [16/Jul/2025:12:06:07 +0000] "GET /podcast/ep3 HTTP/1.1" 200 123 "-" "python-requests/2.25.1"
198.51.100.5 - - [16/Jul/2025:12:49:08 +0000] "GET /logout HTTP/1.1" 200 123 "-" "-"
192.168.1.1 - - [16/Jul/2025:12:50:44 +0000] "GET /subscribe HTTP/1.1" 200 123 "-" "Mozilla/5.0 (compatible; bingbot/2.0; +http://www.bing.com/bingbot.htm)"
185.220.101.6 - - [16/Jul/2025:12:30:03 +0000] "GET /logout HTTP/1.1" 200 123 "-" "curl/7.68.0"
192.168.1.1 - - [16/Jul/2025:12:04:10 +0000] "GET /subscribe HTTP/1.1" 200 123 "-" "curl/7.68.0"
66.249.66.1 - - [16/Jul/2025:12:33:03 +0000] "GET /login HTTP/1.1" 200 123 "-" "Mozilla/5.0"
94.142.241.111 - - [16/Jul/2025:12:15:39 +0000] "GET /admin HTTP/1.1" 200 123 "-" "Googlebot/2.1 (+http://www.google.com/bot.html)"
192.168.1.1 - - [16/Jul/2025:12:43:32 +0000] "GET /subscribe HTTP/1.1" 200 123 "-" "python-requests/2.25.1"
10.0.0.2 - - [16/Jul/2025:12:46:02 +0000] "GET /logout HTTP/1.1" 200 123 "-" "curl/7.68.0"
203.0.113.4 - - [16/Jul/2025:12:02:49 +0000] "GET /podcast/ep1 HTTP/1.1" 200 123 "-" "Mozilla/5.0"
198.51.100.5 - - [16/Jul/2025:12:25:50 +0000] "GET /podcast/ep1 HTTP/1.1" 200 123 "-" "python-requests/2.25.1"
203.0.113.4 - - [16/Jul/2025:12:18:47 +0000] "GET /podcast/ep3 HTTP/1.1" 200 123 "-" "Mozilla/5.0"
66.249.66.1 - - [16/Jul/2025:12:15:10 +0000] "GET /newsletter HTTP/1.1" 200 123 "-" "-"
172.16.0.3 - - [16/Jul/2025:12:04:42 +0000] "GET /admin HTTP/1.1" 200 123 "-" "Mozilla/5.0 (compatible; bingbot/2.0; +http://www.bing.com/bingbot.htm)"
172.16.0.3 - - [16/Jul/2025:12:35:23 +0000] "GET /login HTTP/1.1" 200 123 "-" "curl/7.68.0"
185.220.101.6 - - [16/Jul/2025:12:52:11 +0000] "GET /robots.txt HTTP/1.1" 200 123 "-" "-"
198.51.100.5 - - [16/Jul/2025:12:18:10 +0000] "GET /podcast/ep3 HTTP/1.1" 200 123 "-" "python-requests/2.25.1"
8.8.8.8 - - [16/Jul/2025:12:42:44 +0000] "GET /logout HTTP/1.1" 200 123 "-" "curl/7.68.0"
198.51.100.5 - - [16/Jul/2025:12:16:16 +0000] "GET /newsletter HTTP/1.1" 200 123 "-" "Mozilla/5.0 (compatible; bingbot/2.0; +http://www.bing.com/bingbot.htm)"
203.0.113.4 - - [16/Jul/2025:12:43:33 +0000] "GET /logout HTTP/1.1" 200 123 "-" "python-requests/2.25.1"
172.16.0.3 - - [16/Jul/2025:12:07:01 +0000] "GET /newsletter HTTP/1.1" 200 123 "-" "Mozilla/5.0"
45.134.144.200 - - [16/Jul/2025:12:42:58 +0000] "GET /robots.txt HTTP/1.1" 200 123 "-" "-"
45.134.144.200 - - [16/Jul/2025:12:45:09 +0000] "GET /podcast/ep3 HTTP/1.1" 200 123 "-" "Mozilla/5.0 (compatible; bingbot/2.0; +http://www.bing.com/bingbot.htm)"
203.0.113.4 - - [16/Jul/2025:12:55:45 +0000] "GET /podcast/ep3 HTTP/1.1" 200 123 "-" "-"
172.16.0.3 - - [16/Jul/2025:12:24:26 +0000] "GET /newsletter HTTP/1.1" 200 123 "-" "python-requests/2.25.1"
66.249.66.1 - - [16/Jul/2025:12:53:18 +0000] "GET /newsletter HTTP/1.1" 200 123 "-" "-"
185.220.101.6 - - [16/Jul/2025:12:40:18 +0000] "GET /robots.txt HTTP/1.1" 200 123 "-" "Googlebot/2.1 (+http://www.google.com/bot.html)"
198.51.100.5 - - [16/Jul/2025:12:30:53 +0000] "GET /podcast/ep1 HTTP/1.1" 200 123 "-" "-"
10.0.0.2 - - [16/Jul/2025:12:50:02 +0000] "GET /logout HTTP/1.1" 200 123 "-" "-"
10.0.0.2 - - [16/Jul/2025:12:11:49 +0000] "GET /podcast/ep3 HTTP/1.1" 200 123 "-" "Googlebot/2.1 (+http://www.google.com/bot.html)"
10.0.0.2 - - [16/Jul/2025:12:06:57 +0000] "GET /logout HTTP/1.1" 200 123 "-" "Googlebot/2.1 (+http://www.google.com/bot.html)"
198.51.100.5 - - [16/Jul/2025:12:02:36 +0000] "GET /subscribe HTTP/1.1" 200 123 "-" "python-requests/2.25.1"
94.142.241.111 - - [16/Jul/2025:12:20:05 +0000] "GET /podcast/ep1 HTTP/1.1" 200 123 "-" "python-requests/2.25.1"
8.8.8.8 - - [16/Jul/2025:12:30:16 +0000] "GET /logout HTTP/1.1" 200 123 "-" "Mozilla/5.0 (compatible; bingbot/2.0; +http://www.bing.com/bingbot.htm)"
192.168.1.1 - - [16/Jul/2025:12:39:05 +0000] "GET /robots.txt HTTP/1.1" 200 123 "-" "Mozilla/5.0 (compatible; bingbot/2.0; +http://www.bing.com/bingbot.htm)"
45.134.144.200 - - [16/Jul/2025:12:33:22 +0000] "GET /admin HTTP/1.1" 200 123 "-" "Googlebot/2.1 (+http://www.google.com/bot.html)"
198.51.100.5 - - [16/Jul/2025:12:22:53 +0000] "GET /login HTTP/1.1" 200 123 "-" "Googlebot/2.1 (+http://www.google.com/bot.html)"
66.249.66.1 - - [16/Jul/2025:12:49:44 +0000] "GET /podcast/ep1 HTTP/1.1" 200 123 "-" "Mozilla/5.0 (compatible; bingbot/2.0; +http://www.bing.com/bingbot.htm)"
185.220.101.6 - - [16/Jul/2025:12:45:15 +0000] "GET /logout HTTP/1.1" 200 123 "-" "Mozilla/5.0 (compatible; bingbot/2.0; +http://www.bing.com/bingbot.htm)"
45.134.144.200 - - [16/Jul/2025:12:12:17 +0000] "GET /robots.txt HTTP/1.1" 200 123 "-" "python-requests/2.25.1"
94.142.241.111 - - [16/Jul/2025:12:25:03 +0000] "GET /admin HTTP/1.1" 200 123 "-" "Mozilla/5.0 (compatible; bingbot/2.0; +http://www.bing.com/bingbot.htm)"
8.8.8.8 - - [16/Jul/2025:12:44:10 +0000] "GET /newsletter HTTP/1.1" 200 123 "-" "Mozilla/5.0 (compatible; bingbot/2.0; +http://www.bing.com/bingbot.htm)"
172.16.0.3 - - [16/Jul/2025:12:23:12 +0000] "GET /login HTTP/1.1" 200 123 "-" "Mozilla/5.0"
198.51.100.5 - - [16/Jul/2025:12:10:02 +0000] "GET /podcast/ep3 HTTP/1.1" 200 123 "-" "Googlebot/2.1 (+http://www.google.com/bot.html)"
8.8.8.8 - - [16/Jul/2025:12:16:28 +0000] "GET /newsletter HTTP/1.1" 200 123 "-" "-"
45.134.144.200 - - [16/Jul/2025:12:26:43 +0000] "GET /podcast/ep1 HTTP/1.1" 200 123 "-" "Mozilla/5.0"
10.0.0.2 - - [16/Jul/2025:12:30:04 +0000] "GET /subscribe HTTP/1.1" 200 123 "-" "Googlebot/2.1 (+http://www.google.com/bot.html)"
203.0.113.4 - - [16/Jul/2025:12:00:04 +0000] "GET /podcast/ep2 HTTP/1.1" 200 123 "-" "python-requests/2.25.1"
172.16.0.3 - - [16/Jul/2025:12:11:39 +0000] "GET /newsletter HTTP/1.1" 200 123 "-" "python-requests/2.25.1"
66.249.66.1 - - [16/Jul/2025:12:49:03 +0000] "GET /podcast/ep2 HTTP/1.1" 200 123 "-" "Mozilla/5.0 (compatible; bingbot/2.0; +http://www.bing.com/bingbot.htm)"
203.0.113.4 - - [16/Jul/2025:12:34:16 +0000] "GET /logout HTTP/1.1" 200 123 "-" "python-requests/2.25.1"
192.168.1.1 - - [16/Jul/2025:12:08:20 +0000] "GET /admin HTTP/1.1" 200 123 "-" "python-requests/2.25.1"
203.0.113.4 - - [16/Jul/2025:12:32:18 +0000] "GET /logout HTTP/1.1" 200 123 "-" "-"
203.0.113.4 - - [16/Jul/2025:12:41:37 +0000] "GET /robots.txt HTTP/1.1" 200 123 "-" "Googlebot/2.1 (+http://www.google.com/bot.html)"
66.249.66.1 - - [16/Jul/2025:12:47:55 +0000] "GET /subscribe HTTP/1.1" 200 123 "-" "Googlebot/2.1 (+http://www.google.com/bot.html)"
172.16.0.3 - - [16/Jul/2025:12:08:35 +0000] "GET /subscribe HTTP/1.1" 200 123 "-" "Mozilla/5.0 (compatible; bingbot/2.0; +http://www.bing.com/bingbot.htm)"
45.134.144.200 - - [16/Jul/2025:12:10:37 +0000] "GET /podcast/ep1 HTTP/1.1" 200 123 "-" "Googlebot/2.1 (+http://www.google.com/bot.html)"
192.168.1.1 - - [16/Jul/2025:12:26:50 +0000] "GET /login HTTP/1.1" 200 123 "-" "Googlebot/2.1 (+http://www.google.com/bot.html)"
45.134.144.200 - - [16/Jul/2025:12:27:04 +0000] "GET /newsletter HTTP/1.1" 200 123 "-" "Mozilla/5.0 (compatible; bingbot/2.0; +http://www.bing.com/bingbot.htm)"
203.0.113.4 - - [16/Jul/2025:12:56:35 +0000] "GET /subscribe HTTP/1.1" 200 123 "-" "Mozilla/5.0 (compatible; bingbot/2.0; +http://www.bing.com/bingbot.htm)"
203.0.113.4 - - [16/Jul/2025:12:56:22 +0000] "GET /podcast/ep1 HTTP/1.1" 200 123 "-" "Mozilla/5.0 (compatible; bingbot/2.0; +http://www.bing.com/bingbot.htm)"
198.51.100.5 - - [16/Jul/2025:12:09:10 +0000] "GET /admin HTTP/1.1" 200 123 "-" "Mozilla/5.0"
172.16.0.3 - - [16/Jul/2025:12:10:25 +0000] "GET /subscribe HTTP/1.1" 200 123 "-" "-"
172.16.0.3 - - [16/Jul/2025:12:09:47 +0000] "GET /podcast/ep2 HTTP/1.1" 200 123 "-" "python-requests/2.25.1"
10.0.0.2 - - [16/Jul/2025:12:17:16 +0000] "GET /podcast/ep2 HTTP/1.1" 200 123 "-" "Mozilla/5.0"
10.0.0.2 - - [16/Jul/2025:12:43:54 +0000] "GET /podcast/ep2 HTTP/1.1" 200 123 "-" "Mozilla/5.0 (compatible; bingbot/2.0; +http://www.bing.com/bingbot.htm)"
10.0.0.2 - - [16/Jul/2025:12:16:41 +0000] "GET /robots.txt HTTP/1.1" 200 123 "-" "-"
94.142.241.111 - - [16/Jul/2025:12:30:19 +0000] "GET /podcast/ep1 HTTP/1.1" 200 123 "-" "Mozilla/5.0"
192.168.1.1 - - [16/Jul/2025:12:52:46 +0000] "GET /newsletter HTTP/1.1" 200 123 "-" "Googlebot/2.1 (+http://www.google.com/bot.html)"
192.168.1.1 - - [16/Jul/2025:12:59:59 +0000] "GET /podcast/ep3 HTTP/1.1" 200 123 "-" "python-requests/2.25.1"
198.51.100.5 - - [16/Jul/2025:12:33:08 +0000] "GET /robots.txt HTTP/1.1" 200 123 "-" "Mozilla/5.0 (compatible; bingbot/2.0; +http://www.bing.com/bingbot.htm)"
10.0.0.2 - - [16/Jul/2025:12:51:05 +0000] "GET /podcast/ep3 HTTP/1.1" 200 123 "-" "-"
8.8.8.8 - - [16/Jul/2025:12:27:59 +0000] "GET /podcast/ep3 HTTP/1.1" 200 123 "-" "Mozilla/5.0 (compatible; bingbot/2.0; +http://www.bing.com/bingbot.htm)"
192.168.1.1 - - [16/Jul/2025:12:08:08 +0000] "GET /subscribe HTTP/1.1" 200 123 "-" "Mozilla/5.0"
172.16.0.3 - - [16/Jul/2025:12:22:42 +0000] "GET /podcast/ep1 HTTP/1.1" 200 123 "-" "Mozilla/5.0"
185.220.101.6 - - [16/Jul/2025:12:47:50 +0000] "GET /podcast/ep1 HTTP/1.1" 200 123 "-" "python-requests/2.25.1"
203.0.113.4 - - [16/Jul/2025:12:39:25 +0000] "GET /podcast/ep1 HTTP/1.1" 200 123 "-" "-"
172.16.0.3 - - [16/Jul/2025:12:36:41 +0000] "GET /podcast/ep2 HTTP/1.1" 200 123 "-" "python-requests/2.25.1"
10.0.0.2 - - [16/Jul/2025:12:28:33 +0000] "GET /admin HTTP/1.1" 200 123 "-" "Mozilla/5.0 (compatible; bingbot/2.0; +http://www.bing.com/bingbot.htm)"
8.8.8.8 - - [16/Jul/2025:12:17:49 +0000] "GET /admin HTTP/1.1" 200 123 "-" "Googlebot/2.1 (+http://www.google.com/bot.html)"
172.16.0.3 - - [16/Jul/2025:12:04:48 +0000] "GET /admin HTTP/1.1" 200 123 "-" "Mozilla/5.0 (compatible; bingbot/2.0; +http://www.bing.com/bingbot.htm)"
192.168.1.1 - - [16/Jul/2025:12:50:59 +0000] "GET /podcast/ep1 HTTP/1.1" 200 123 "-" "Mozilla/5.0 (compatible; bingbot/2.0; +http://www.bing.com/bingbot.htm)"
45.134.144.200 - - [16/Jul/2025:12:31:23 +0000] "GET /logout HTTP/1.1" 200 123 "-" "-"
192.168.1.1 - - [16/Jul/2025:12:51:56 +0000] "GET /podcast/ep2 HTTP/1.1" 200 123 "-" "curl/7.68.0"
185.220.101.6 - - [16/Jul/2025:12:19:28 +0000] "GET /newsletter HTTP/1.1" 200 123 "-" "Mozilla/5.0 (compatible; bingbot/2.0; +http://www.bing.com/bingbot.htm)"
10.0.0.2 - - [16/Jul/2025:12:56:02 +0000] "GET /subscribe HTTP/1.1" 200 123 "-" "Googlebot/2.1 (+http://www.google.com/bot.html)"
8.8.8.8 - - [16/Jul/2025:12:53:55 +0000] "GET /login HTTP/1.1" 200 123 "-" "python-requests/2.25.1"
172.16.0.3 - - [16/Jul/2025:12:02:30 +0000] "GET /robots.txt HTTP/1.1" 200 123 "-" "Googlebot/2.1 (+http://www.google.com/bot.html)"
8.8.8.8 - - [16/Jul/2025:12:21:34 +0000] "GET /podcast/ep2 HTTP/1.1" 200 123 "-" "Mozilla/5.0 (compatible; bingbot/2.0; +http://www.bing.com/bingbot.htm)"
66.249.66.1 - - [16/Jul/2025:12:00:55 +0000] "GET /admin HTTP/1.1" 200 123 "-" "Googlebot/2.1 (+http://www.google.com/bot.html)"
66.249.66.1 - - [16/Jul/2025:12:29:19 +0000] "GET /podcast/ep1 HTTP/1.1" 200 123 "-" "Mozilla/5.0 (compatible; bingbot/2.0; +http://www.bing.com/bingbot.htm)"
8.8.8.8 - - [16/Jul/2025:12:53:35 +0000] "GET /login HTTP/1.1" 200 123 "-" "python-requests/2.25.1"
45.134.144.200 - - [16/Jul/2025:12:24:14 +0000] "GET /podcast/ep2 HTTP/1.1" 200 123 "-" "Mozilla/5.0"
8.8.8.8 - - [16/Jul/2025:12:01:38 +0000] "GET /podcast/ep2 HTTP/1.1" 200 123 "-" "-"
192.168.1.1 - - [16/Jul/2025:12:42:18 +0000] "GET /robots.txt HTTP/1.1" 200 123 "-" "Mozilla/5.0"
45.134.144.200 - - [16/Jul/2025:12:40:35 +0000] "GET /podcast/ep1 HTTP/1.1" 200 123 "-" "Mozilla/5.0 (compatible; bingbot/2.0; +http://www.bing.com/bingbot.htm)"
198.51.100.5 - - [16/Jul/2025:12:22:12 +0000] "GET /podcast/ep3 HTTP/1.1" 200 123 "-" "-"
198.51.100.5 - - [16/Jul/2025:12:10:08 +0000] "GET /subscribe HTTP/1.1" 200 123 "-" "Mozilla/5.0"
172.16.0.3 - - [16/Jul/2025:12:42:29 +0000] "GET /robots.txt HTTP/1.1" 200 123 "-" "Mozilla/5.0"
94.142.241.111 - - [16/Jul/2025:12:01:14 +0000] "GET /podcast/ep3 HTTP/1.1" 200 123 "-" "python-requests/2.25.1"
45.134.144.200 - - [16/Jul/2025:12:27:12 +0000] "GET /robots.txt HTTP/1.1" 200 123 "-" "Mozilla/5.0"
172.16.0.3 - - [16/Jul/2025:12:09:49 +0000] "GET /podcast/ep3 HTTP/1.1" 200 123 "-" "Mozilla/5.0"
198.51.100.5 - - [16/Jul/2025:12:39:33 +0000] "GET /podcast/ep2 HTTP/1.1" 200 123 "-" "python-requests/2.25.1"
192.168.1.1 - - [16/Jul/2025:12:25:17 +0000] "GET /podcast/ep1 HTTP/1.1" 200 123 "-" "python-requests/2.25.1"
66.249.66.1 - - [16/Jul/2025:12:30:34 +0000] "GET /subscribe HTTP/1.1" 200 123 "-" "-"
45.134.144.200 - - [16/Jul/2025:12:30:25 +0000] "GET /logout HTTP/1.1" 200 123 "-" "curl/7.68.0"
10.0.0.2 - - [16/Jul/2025:12:40:11 +0000] "GET /podcast/ep1 HTTP/1.1" 200 123 "-" "Googlebot/2.1 (+http://www.google.com/bot.html)"
198.51.100.5 - - [16/Jul/2025:12:03:20 +0000] "GET /subscribe HTTP/1.1" 200 123 "-" "Mozilla/5.0"
185.220.101.6 - - [16/Jul/2025:12:25:04 +0000] "GET /robots.txt HTTP/1.1" 200 123 "-" "Mozilla/5.0 (compatible; bingbot/2.0; +http://www.bing.com/bingbot.htm)"
172.16.0.3 - - [16/Jul/2025:12:38:21 +0000] "GET /podcast/ep2 HTTP/1.1" 200 123 "-" "curl/7.68.0"
172.16.0.3 - - [16/Jul/2025:12:43:44 +0000] "GET /login HTTP/1.1" 200 123 "-" "curl/7.68.0"
172.16.0.3 - - [16/Jul/2025:12:50:43 +0000] "GET /subscribe HTTP/1.1" 200 123 "-" "Mozilla/5.0 (compatible; bingbot/2.0; +http://www.bing.com/bingbot.htm)"
8.8.8.8 - - [16/Jul/2025:12:54:11 +0000] "GET /admin HTTP/1.1" 200 123 "-" "python-requests/2.25.1"
45.134.144.200 - - [16/Jul/2025:12:43:11 +0000] "GET /logout HTTP/1.1" 200 123 "-" "python-requests/2.25.1"
45.134.144.200 - - [16/Jul/2025:12:03:40 +0000] "GET /podcast/ep2 HTTP/1.1" 200 123 "-" "-"
94.142.241.111 - - [16/Jul/2025:12:09:47 +0000] "GET /podcast/ep1 HTTP/1.1" 200 123 "-" "-"
192.168.1.1 - - [16/Jul/2025:12:40:50 +0000] "GET /logout HTTP/1.1" 200 123 "-" "Mozilla/5.0 (compatible; bingbot/2.0; +http://www.bing.com/bingbot.htm)"
66.249.66.1 - - [16/Jul/2025:12:17:03 +0000] "GET /robots.txt HTTP/1.1" 200 123 "-" "-"
8.8.8.8 - - [16/Jul/2025:12:37:24 +0000] "GET /logout HTTP/1.1" 200 123 "-" "curl/7.68.0"
192.168.1.1 - - [16/Jul/2025:12:34:43 +0000] "GET /podcast/ep1 HTTP/1.1" 200 123 "-" "-"
198.51.100.5 - - [16/Jul/2025:12:34:17 +0000] "GET /podcast/ep3 HTTP/1.1" 200 123 "-" "python-requests/2.25.1"
185.220.101.6 - - [16/Jul/2025:12:32:58 +0000] "GET /login HTTP/1.1" 200 123 "-" "Mozilla/5.0 (compatible; bingbot/2.0; +http://www.bing.com/bingbot.htm)"
45.134.144.200 - - [16/Jul/2025:12:29:05 +0000] "GET /subscribe HTTP/1.1" 200 123 "-" "python-requests/2.25.1"
8.8.8.8 - - [16/Jul/2025:12:26:09 +0000] "GET /newsletter HTTP/1.1" 200 123 "-" "curl/7.68.0"
45.134.144.200 - - [16/Jul/2025:12:09:24 +0000] "GET /login HTTP/1.1" 200 123 "-" "Mozilla/5.0"
45.134.144.200 - - [16/Jul/2025:12:58:42 +0000] "GET /admin HTTP/1.1" 200 123 "-" "curl/7.68.0"
10.0.0.2 - - [16/Jul/2025:12:53:39 +0000] "GET /admin HTTP/1.1" 200 123 "-" "Googlebot/2.1 (+http://www.google.com/bot.html)"
45.134.144.200 - - [16/Jul/2025:12:00:10 +0000] "GET /logout HTTP/1.1" 200 123 "-" "Mozilla/5.0 (compatible; bingbot/2.0; +http://www.bing.com/bingbot.htm)"
185.220.101.6 - - [16/Jul/2025:12:19:46 +0000] "GET /podcast/ep2 HTTP/1.1" 200 123 "-" "Googlebot/2.1 (+http://www.google.com/bot.html)"
8.8.8.8 - - [16/Jul/2025:12:18:44 +0000] "GET /logout HTTP/1.1" 200 123 "-" "curl/7.68.0"
66.249.66.1 - - [16/Jul/2025:12:10:30 +0000] "GET /podcast/ep3 HTTP/1.1" 200 123 "-" "curl/7.68.0"
172.16.0.3 - - [16/Jul/2025:12:35:31 +0000] "GET /admin HTTP/1.1" 200 123 "-" "curl/7.68.0"
10.0.0.2 - - [16/Jul/2025:12:28:32 +0000] "GET /podcast/ep3 HTTP/1.1" 200 123 "-" "-"
45.134.144.200 - - [16/Jul/2025:12:17:03 +0000] "GET /podcast/ep3 HTTP/1.1" 200 123 "-" "-"
